Testing All Platforms...
Results: {
  "codeforces": {
    "success": true,
    "data": {
      "username": "koderabhishek",
      "rating": 1208,
      "maxRating": 1267,
      "rank": "pupil",
      "maxRank": "pupil",
      "solved": 339,
      "contestsCount": 24,
      "contribution": 0,
      "avatar": "https://userpic.codeforces.org/3999203/avatar/607877cf8abb7c33.jpg"
    }
  },
  "leetcode": {
    "success": true,
    "data": {
      "username": "Mrkod-ER",
      "ranking": 306920,
      "solved": {
        "total": 372,
        "easy": 112,
        "medium": 225,
        "hard": 35
      },
      "contestRating": 1714.897907137441,
      "contestRanking": 97825,
      "contestsAttended": 13,
      "avatar": "https://assets.leetcode.com/users/koderabhishek/avatar_1754667698.png"
    }
  },
  "codechef": {
    "success": true,
    "data": {
      "username": "king_koder",
      "rating": 1533,
      "maxRating": 1559,
      "stars": 2,
      "solved": 127,
      "contests": 30,
      "avatar": "https://www.codechef.com/misc/default-profile-image.png"
    }
  },
  "gfg": {
    "success": true,
    "data": {
      "username": "koderabhishek",
      "codingScore": 338,
      "monthlyScore": 0,
      "solved": {
        "total": 96,
        "easy": 0,
        "medium": 0,
        "hard": 0
      },
      "currentStreak": 0,
      "maxStreak": 1650,
      "instituteRank": 754,
      "avatar": "https://media.geeksforgeeks.org/auth/profile/mgm65483ahn1m2oole73"
    }
  }
}
